// Jest Snapshot v1, https://goo.gl/fbAQLP

exports[`<MobileInfo /> renders a help message for mobile users 1`] = `
ShallowWrapper {
  "length": 1,
  Symbol(enzyme.__root__): [Circular],
  Symbol(enzyme.__unrendered__): <MobileInfo />,
  Symbol(enzyme.__renderer__): Object {
    "batchedUpdates": [Function],
    "getNode": [Function],
    "render": [Function],
    "simulateEvent": [Function],
    "unmount": [Function],
  },
  Symbol(enzyme.__node__): Object {
    "instance": null,
    "key": undefined,
    "nodeType": "host",
    "props": Object {
      "children": Array [
        <div
          className="mobile-info__text"
>
          This app is tricky to use on smaller screens. You can scroll (or swipe) the table around to see more data. Tapping a row will select a client and show their sales data beneath the table.
</div>,
        <button
          className="mobile-info__dismiss"
          onClick={[Function]}
>
          OK, got it.
</button>,
      ],
      "className": "mobile-info ",
    },
    "ref": null,
    "rendered": Array [
      Object {
        "instance": null,
        "key": undefined,
        "nodeType": "host",
        "props": Object {
          "children": "This app is tricky to use on smaller screens. You can scroll (or swipe) the table around to see more data. Tapping a row will select a client and show their sales data beneath the table.",
          "className": "mobile-info__text",
        },
        "ref": null,
        "rendered": "This app is tricky to use on smaller screens. You can scroll (or swipe) the table around to see more data. Tapping a row will select a client and show their sales data beneath the table.",
        "type": "div",
      },
      Object {
        "instance": null,
        "key": undefined,
        "nodeType": "host",
        "props": Object {
          "children": "OK, got it.",
          "className": "mobile-info__dismiss",
          "onClick": [Function],
        },
        "ref": null,
        "rendered": "OK, got it.",
        "type": "button",
      },
    ],
    "type": "div",
  },
  Symbol(enzyme.__nodes__): Array [
    Object {
      "instance": null,
      "key": undefined,
      "nodeType": "host",
      "props": Object {
        "children": Array [
          <div
            className="mobile-info__text"
>
            This app is tricky to use on smaller screens. You can scroll (or swipe) the table around to see more data. Tapping a row will select a client and show their sales data beneath the table.
</div>,
          <button
            className="mobile-info__dismiss"
            onClick={[Function]}
>
            OK, got it.
</button>,
        ],
        "className": "mobile-info ",
      },
      "ref": null,
      "rendered": Array [
        Object {
          "instance": null,
          "key": undefined,
          "nodeType": "host",
          "props": Object {
            "children": "This app is tricky to use on smaller screens. You can scroll (or swipe) the table around to see more data. Tapping a row will select a client and show their sales data beneath the table.",
            "className": "mobile-info__text",
          },
          "ref": null,
          "rendered": "This app is tricky to use on smaller screens. You can scroll (or swipe) the table around to see more data. Tapping a row will select a client and show their sales data beneath the table.",
          "type": "div",
        },
        Object {
          "instance": null,
          "key": undefined,
          "nodeType": "host",
          "props": Object {
            "children": "OK, got it.",
            "className": "mobile-info__dismiss",
            "onClick": [Function],
          },
          "ref": null,
          "rendered": "OK, got it.",
          "type": "button",
        },
      ],
      "type": "div",
    },
  ],
  Symbol(enzyme.__options__): Object {
    "adapter": ReactSixteenAdapter {
      "options": Object {
        "enableComponentDidUpdateOnSetState": true,
      },
    },
  },
}
`;
