// Jest Snapshot v1, https://goo.gl/fbAQLP

exports[`api.get throws for invalid endpoints 1`] = `"api.get called with invalid endpoint"`;
