// Jest Snapshot v1, https://goo.gl/fbAQLP

exports[`<LinkButton /> renders a help message for mobile users 1`] = `
ShallowWrapper {
  "length": 1,
  Symbol(enzyme.__root__): [Circular],
  Symbol(enzyme.__unrendered__): <LinkButton
    buttonClassName=""
    linkClassName=""
    options={
        Object {
            "disabled": false,
          }
    }
    text=""
    to="/amazing/page"
/>,
  Symbol(enzyme.__renderer__): Object {
    "batchedUpdates": [Function],
    "getNode": [Function],
    "render": [Function],
    "simulateEvent": [Function],
    "unmount": [Function],
  },
  Symbol(enzyme.__node__): Object {
    "instance": null,
    "key": undefined,
    "nodeType": "class",
    "props": Object {
      "children": <button
        className=""
        disabled={false}
/>,
      "className": "",
      "replace": false,
      "to": "/amazing/page",
    },
    "ref": null,
    "rendered": Object {
      "instance": null,
      "key": undefined,
      "nodeType": "host",
      "props": Object {
        "children": "",
        "className": "",
        "disabled": false,
      },
      "ref": null,
      "rendered": "",
      "type": "button",
    },
    "type": [Function],
  },
  Symbol(enzyme.__nodes__): Array [
    Object {
      "instance": null,
      "key": undefined,
      "nodeType": "class",
      "props": Object {
        "children": <button
          className=""
          disabled={false}
/>,
        "className": "",
        "replace": false,
        "to": "/amazing/page",
      },
      "ref": null,
      "rendered": Object {
        "instance": null,
        "key": undefined,
        "nodeType": "host",
        "props": Object {
          "children": "",
          "className": "",
          "disabled": false,
        },
        "ref": null,
        "rendered": "",
        "type": "button",
      },
      "type": [Function],
    },
  ],
  Symbol(enzyme.__options__): Object {
    "adapter": ReactSixteenAdapter {
      "options": Object {
        "enableComponentDidUpdateOnSetState": true,
      },
    },
  },
}
`;
